------------------------------------------------------------
TimeQuest Timing Analyzer Summary
------------------------------------------------------------

Type  : Slow 1200mV 85C Model Setup 'clk'
Slack : -4.581
TNS   : -13.374

Type  : Slow 1200mV 85C Model Setup 'VGA_top_level:vgamap|VGA_SYNC:videoSync|pixel_clock_int'
Slack : -2.710
TNS   : -90.911

Type  : Slow 1200mV 85C Model Hold 'clk'
Slack : 0.332
TNS   : 0.000

Type  : Slow 1200mV 85C Model Hold 'VGA_top_level:vgamap|VGA_SYNC:videoSync|pixel_clock_int'
Slack : 0.387
TNS   : 0.000

Type  : Slow 1200mV 85C Model Minimum Pulse Width 'clk'
Slack : -3.000
TNS   : -8.140

Type  : Slow 1200mV 85C Model Minimum Pulse Width 'VGA_top_level:vgamap|VGA_SYNC:videoSync|pixel_clock_int'
Slack : -2.693
TNS   : -60.518

Type  : Slow 1200mV 0C Model Setup 'clk'
Slack : -4.056
TNS   : -11.826

Type  : Slow 1200mV 0C Model Setup 'VGA_top_level:vgamap|VGA_SYNC:videoSync|pixel_clock_int'
Slack : -2.399
TNS   : -79.351

Type  : Slow 1200mV 0C Model Hold 'clk'
Slack : 0.304
TNS   : 0.000

Type  : Slow 1200mV 0C Model Hold 'VGA_top_level:vgamap|VGA_SYNC:videoSync|pixel_clock_int'
Slack : 0.340
TNS   : 0.000

Type  : Slow 1200mV 0C Model Minimum Pulse Width 'clk'
Slack : -3.000
TNS   : -8.140

Type  : Slow 1200mV 0C Model Minimum Pulse Width 'VGA_top_level:vgamap|VGA_SYNC:videoSync|pixel_clock_int'
Slack : -2.649
TNS   : -60.474

Type  : Fast 1200mV 0C Model Setup 'clk'
Slack : -1.683
TNS   : -4.729

Type  : Fast 1200mV 0C Model Setup 'VGA_top_level:vgamap|VGA_SYNC:videoSync|pixel_clock_int'
Slack : -0.816
TNS   : -22.056

Type  : Fast 1200mV 0C Model Hold 'clk'
Slack : 0.032
TNS   : 0.000

Type  : Fast 1200mV 0C Model Hold 'VGA_top_level:vgamap|VGA_SYNC:videoSync|pixel_clock_int'
Slack : 0.174
TNS   : 0.000

Type  : Fast 1200mV 0C Model Minimum Pulse Width 'clk'
Slack : -3.000
TNS   : -7.248

Type  : Fast 1200mV 0C Model Minimum Pulse Width 'VGA_top_level:vgamap|VGA_SYNC:videoSync|pixel_clock_int'
Slack : -1.000
TNS   : -46.000

------------------------------------------------------------
